[0.238s] Invoking command in '/home/townperson/Documents/TraineeSoftwareModule/CheckpointWS/src/handshake_pkg': PYTHONPATH=/home/townperson/Documents/TraineeSoftwareModule/CheckpointWS/build/handshake_pkg/prefix_override:/usr/lib/python3/dist-packages/colcon_core/task/python/colcon_distutils_commands:/home/townperson/Documents/TraineeSoftwareModule/CheckpointWS/install/handshake_pkg/lib/python3.10/site-packages:${PYTHONPATH} /usr/bin/python3 -W ignore:setup.py install is deprecated -W ignore:easy_install command is deprecated setup.py egg_info --egg-base ../../build/handshake_pkg build --build-base /home/townperson/Documents/TraineeSoftwareModule/CheckpointWS/build/handshake_pkg/build install --record /home/townperson/Documents/TraineeSoftwareModule/CheckpointWS/build/handshake_pkg/install.log --single-version-externally-managed install_data
[0.318s] running egg_info
[0.318s] writing ../../build/handshake_pkg/handshake_pkg.egg-info/PKG-INFO
[0.319s] writing dependency_links to ../../build/handshake_pkg/handshake_pkg.egg-info/dependency_links.txt
[0.319s] writing entry points to ../../build/handshake_pkg/handshake_pkg.egg-info/entry_points.txt
[0.319s] writing requirements to ../../build/handshake_pkg/handshake_pkg.egg-info/requires.txt
[0.319s] writing top-level names to ../../build/handshake_pkg/handshake_pkg.egg-info/top_level.txt
[0.320s] reading manifest file '../../build/handshake_pkg/handshake_pkg.egg-info/SOURCES.txt'
[0.321s] writing manifest file '../../build/handshake_pkg/handshake_pkg.egg-info/SOURCES.txt'
[0.321s] running build
[0.321s] running build_py
[0.321s] running install
[0.321s] running install_lib
[0.322s] running install_data
[0.322s] running install_egg_info
[0.323s] removing '/home/townperson/Documents/TraineeSoftwareModule/CheckpointWS/install/handshake_pkg/lib/python3.10/site-packages/handshake_pkg-0.0.0-py3.10.egg-info' (and everything under it)
[0.323s] Copying ../../build/handshake_pkg/handshake_pkg.egg-info to /home/townperson/Documents/TraineeSoftwareModule/CheckpointWS/install/handshake_pkg/lib/python3.10/site-packages/handshake_pkg-0.0.0-py3.10.egg-info
[0.323s] running install_scripts
[0.330s] Installing listener script to /home/townperson/Documents/TraineeSoftwareModule/CheckpointWS/install/handshake_pkg/lib/handshake_pkg
[0.331s] Installing talker script to /home/townperson/Documents/TraineeSoftwareModule/CheckpointWS/install/handshake_pkg/lib/handshake_pkg
[0.331s] writing list of installed files to '/home/townperson/Documents/TraineeSoftwareModule/CheckpointWS/build/handshake_pkg/install.log'
[0.342s] Invoked command in '/home/townperson/Documents/TraineeSoftwareModule/CheckpointWS/src/handshake_pkg' returned '0': PYTHONPATH=/home/townperson/Documents/TraineeSoftwareModule/CheckpointWS/build/handshake_pkg/prefix_override:/usr/lib/python3/dist-packages/colcon_core/task/python/colcon_distutils_commands:/home/townperson/Documents/TraineeSoftwareModule/CheckpointWS/install/handshake_pkg/lib/python3.10/site-packages:${PYTHONPATH} /usr/bin/python3 -W ignore:setup.py install is deprecated -W ignore:easy_install command is deprecated setup.py egg_info --egg-base ../../build/handshake_pkg build --build-base /home/townperson/Documents/TraineeSoftwareModule/CheckpointWS/build/handshake_pkg/build install --record /home/townperson/Documents/TraineeSoftwareModule/CheckpointWS/build/handshake_pkg/install.log --single-version-externally-managed install_data
