[0.240s] Invoking command in '/home/townperson/Documents/TraineeSoftwareModule/CheckpointWS/src/handshake_pkg': PYTHONPATH=/home/townperson/Documents/TraineeSoftwareModule/CheckpointWS/build/handshake_pkg/prefix_override:/usr/lib/python3/dist-packages/colcon_core/task/python/colcon_distutils_commands:/home/townperson/Documents/TraineeSoftwareModule/CheckpointWS/install/handshake_pkg/lib/python3.10/site-packages:${PYTHONPATH} /usr/bin/python3 -W ignore:setup.py install is deprecated -W ignore:easy_install command is deprecated setup.py egg_info --egg-base ../../build/handshake_pkg build --build-base /home/townperson/Documents/TraineeSoftwareModule/CheckpointWS/build/handshake_pkg/build install --record /home/townperson/Documents/TraineeSoftwareModule/CheckpointWS/build/handshake_pkg/install.log --single-version-externally-managed install_data
[0.322s] running egg_info
[0.322s] creating ../../build/handshake_pkg/handshake_pkg.egg-info
[0.322s] writing ../../build/handshake_pkg/handshake_pkg.egg-info/PKG-INFO
[0.322s] writing dependency_links to ../../build/handshake_pkg/handshake_pkg.egg-info/dependency_links.txt
[0.322s] writing entry points to ../../build/handshake_pkg/handshake_pkg.egg-info/entry_points.txt
[0.323s] writing requirements to ../../build/handshake_pkg/handshake_pkg.egg-info/requires.txt
[0.323s] writing top-level names to ../../build/handshake_pkg/handshake_pkg.egg-info/top_level.txt
[0.323s] writing manifest file '../../build/handshake_pkg/handshake_pkg.egg-info/SOURCES.txt'
[0.323s] reading manifest file '../../build/handshake_pkg/handshake_pkg.egg-info/SOURCES.txt'
[0.323s] writing manifest file '../../build/handshake_pkg/handshake_pkg.egg-info/SOURCES.txt'
[0.324s] running build
[0.324s] running build_py
[0.324s] creating /home/townperson/Documents/TraineeSoftwareModule/CheckpointWS/build/handshake_pkg/build
[0.324s] creating /home/townperson/Documents/TraineeSoftwareModule/CheckpointWS/build/handshake_pkg/build/lib
[0.324s] creating /home/townperson/Documents/TraineeSoftwareModule/CheckpointWS/build/handshake_pkg/build/lib/handshake_pkg
[0.324s] copying handshake_pkg/vcu_node.py -> /home/townperson/Documents/TraineeSoftwareModule/CheckpointWS/build/handshake_pkg/build/lib/handshake_pkg
[0.324s] copying handshake_pkg/__init__.py -> /home/townperson/Documents/TraineeSoftwareModule/CheckpointWS/build/handshake_pkg/build/lib/handshake_pkg
[0.324s] copying handshake_pkg/ai_node.py -> /home/townperson/Documents/TraineeSoftwareModule/CheckpointWS/build/handshake_pkg/build/lib/handshake_pkg
[0.324s] running install
[0.324s] running install_lib
[0.324s] creating /home/townperson/Documents/TraineeSoftwareModule/CheckpointWS/install/handshake_pkg/lib/python3.10/site-packages/handshake_pkg
[0.324s] copying /home/townperson/Documents/TraineeSoftwareModule/CheckpointWS/build/handshake_pkg/build/lib/handshake_pkg/vcu_node.py -> /home/townperson/Documents/TraineeSoftwareModule/CheckpointWS/install/handshake_pkg/lib/python3.10/site-packages/handshake_pkg
[0.324s] copying /home/townperson/Documents/TraineeSoftwareModule/CheckpointWS/build/handshake_pkg/build/lib/handshake_pkg/__init__.py -> /home/townperson/Documents/TraineeSoftwareModule/CheckpointWS/install/handshake_pkg/lib/python3.10/site-packages/handshake_pkg
[0.324s] copying /home/townperson/Documents/TraineeSoftwareModule/CheckpointWS/build/handshake_pkg/build/lib/handshake_pkg/ai_node.py -> /home/townperson/Documents/TraineeSoftwareModule/CheckpointWS/install/handshake_pkg/lib/python3.10/site-packages/handshake_pkg
[0.324s] byte-compiling /home/townperson/Documents/TraineeSoftwareModule/CheckpointWS/install/handshake_pkg/lib/python3.10/site-packages/handshake_pkg/vcu_node.py to vcu_node.cpython-310.pyc
[0.325s] byte-compiling /home/townperson/Documents/TraineeSoftwareModule/CheckpointWS/install/handshake_pkg/lib/python3.10/site-packages/handshake_pkg/__init__.py to __init__.cpython-310.pyc
[0.325s] byte-compiling /home/townperson/Documents/TraineeSoftwareModule/CheckpointWS/install/handshake_pkg/lib/python3.10/site-packages/handshake_pkg/ai_node.py to ai_node.cpython-310.pyc
[0.325s] running install_data
[0.325s] creating /home/townperson/Documents/TraineeSoftwareModule/CheckpointWS/install/handshake_pkg/share/ament_index
[0.325s] creating /home/townperson/Documents/TraineeSoftwareModule/CheckpointWS/install/handshake_pkg/share/ament_index/resource_index
[0.325s] creating /home/townperson/Documents/TraineeSoftwareModule/CheckpointWS/install/handshake_pkg/share/ament_index/resource_index/packages
[0.325s] copying resource/handshake_pkg -> /home/townperson/Documents/TraineeSoftwareModule/CheckpointWS/install/handshake_pkg/share/ament_index/resource_index/packages
[0.325s] copying package.xml -> /home/townperson/Documents/TraineeSoftwareModule/CheckpointWS/install/handshake_pkg/share/handshake_pkg
[0.325s] running install_egg_info
[0.326s] Copying ../../build/handshake_pkg/handshake_pkg.egg-info to /home/townperson/Documents/TraineeSoftwareModule/CheckpointWS/install/handshake_pkg/lib/python3.10/site-packages/handshake_pkg-0.0.0-py3.10.egg-info
[0.326s] running install_scripts
[0.334s] Installing listener script to /home/townperson/Documents/TraineeSoftwareModule/CheckpointWS/install/handshake_pkg/lib/handshake_pkg
[0.335s] Installing talker script to /home/townperson/Documents/TraineeSoftwareModule/CheckpointWS/install/handshake_pkg/lib/handshake_pkg
[0.335s] writing list of installed files to '/home/townperson/Documents/TraineeSoftwareModule/CheckpointWS/build/handshake_pkg/install.log'
[0.344s] Invoked command in '/home/townperson/Documents/TraineeSoftwareModule/CheckpointWS/src/handshake_pkg' returned '0': PYTHONPATH=/home/townperson/Documents/TraineeSoftwareModule/CheckpointWS/build/handshake_pkg/prefix_override:/usr/lib/python3/dist-packages/colcon_core/task/python/colcon_distutils_commands:/home/townperson/Documents/TraineeSoftwareModule/CheckpointWS/install/handshake_pkg/lib/python3.10/site-packages:${PYTHONPATH} /usr/bin/python3 -W ignore:setup.py install is deprecated -W ignore:easy_install command is deprecated setup.py egg_info --egg-base ../../build/handshake_pkg build --build-base /home/townperson/Documents/TraineeSoftwareModule/CheckpointWS/build/handshake_pkg/build install --record /home/townperson/Documents/TraineeSoftwareModule/CheckpointWS/build/handshake_pkg/install.log --single-version-externally-managed install_data
