running egg_info
writing ../../build/handshake_pkg/handshake_pkg.egg-info/PKG-INFO
writing dependency_links to ../../build/handshake_pkg/handshake_pkg.egg-info/dependency_links.txt
writing entry points to ../../build/handshake_pkg/handshake_pkg.egg-info/entry_points.txt
writing requirements to ../../build/handshake_pkg/handshake_pkg.egg-info/requires.txt
writing top-level names to ../../build/handshake_pkg/handshake_pkg.egg-info/top_level.txt
reading manifest file '../../build/handshake_pkg/handshake_pkg.egg-info/SOURCES.txt'
writing manifest file '../../build/handshake_pkg/handshake_pkg.egg-info/SOURCES.txt'
running build
running build_py
copying handshake_pkg/vcu_node.py -> /home/townperson/Documents/TraineeSoftwareModule/CheckpointWS/build/handshake_pkg/build/lib/handshake_pkg
copying handshake_pkg/ai_node.py -> /home/townperson/Documents/TraineeSoftwareModule/CheckpointWS/build/handshake_pkg/build/lib/handshake_pkg
running install
running install_lib
copying /home/townperson/Documents/TraineeSoftwareModule/CheckpointWS/build/handshake_pkg/build/lib/handshake_pkg/vcu_node.py -> /home/townperson/Documents/TraineeSoftwareModule/CheckpointWS/install/handshake_pkg/lib/python3.10/site-packages/handshake_pkg
copying /home/townperson/Documents/TraineeSoftwareModule/CheckpointWS/build/handshake_pkg/build/lib/handshake_pkg/ai_node.py -> /home/townperson/Documents/TraineeSoftwareModule/CheckpointWS/install/handshake_pkg/lib/python3.10/site-packages/handshake_pkg
byte-compiling /home/townperson/Documents/TraineeSoftwareModule/CheckpointWS/install/handshake_pkg/lib/python3.10/site-packages/handshake_pkg/vcu_node.py to vcu_node.cpython-310.pyc
byte-compiling /home/townperson/Documents/TraineeSoftwareModule/CheckpointWS/install/handshake_pkg/lib/python3.10/site-packages/handshake_pkg/ai_node.py to ai_node.cpython-310.pyc
running install_data
copying package.xml -> /home/townperson/Documents/TraineeSoftwareModule/CheckpointWS/install/handshake_pkg/share/handshake_pkg
running install_egg_info
removing '/home/townperson/Documents/TraineeSoftwareModule/CheckpointWS/install/handshake_pkg/lib/python3.10/site-packages/handshake_pkg-0.0.0-py3.10.egg-info' (and everything under it)
Copying ../../build/handshake_pkg/handshake_pkg.egg-info to /home/townperson/Documents/TraineeSoftwareModule/CheckpointWS/install/handshake_pkg/lib/python3.10/site-packages/handshake_pkg-0.0.0-py3.10.egg-info
running install_scripts
Installing ai_node script to /home/townperson/Documents/TraineeSoftwareModule/CheckpointWS/install/handshake_pkg/lib/handshake_pkg
Installing vcu_node script to /home/townperson/Documents/TraineeSoftwareModule/CheckpointWS/install/handshake_pkg/lib/handshake_pkg
writing list of installed files to '/home/townperson/Documents/TraineeSoftwareModule/CheckpointWS/build/handshake_pkg/install.log'
